
> app@0.1.0 build
> next build

Γû▓ Next.js 16.1.6 (Turbopack)
- Environments: .env.local

  Creating an optimized production build ...
node.exe : Turbopack build 
encountered 1 warnings:
At line:1 char:1
+ & "C:\Program 
Files\nodejs/node.exe" "C:\Program 
Files\nodejs/node_mo ...
+ ~~~~~~~~~~~~~~~~~~~~~~~~~~~~~~~~~~~
~~~~~~~~~~~~~~~~~~~~~~~~~~~~~~~~~~
    + CategoryInfo          : NotSpe 
   cified: (Turbopack build encount  
  ered 1 warnings::String) [], Rem   
 oteException
    + FullyQualifiedErrorId : Native 
   CommandError
 
./src/app/api/fridge-scan/route.ts:44
:14
Next.js can't recognize the exported 
`config` field in route. Page config 
in `config` is deprecated and 
ignored, use individual exports 
instead.
[0m [90m 42 |[39m }
 [90m 43 |[39m
[31m[1m>[22m[39m[90m 44 |[39m 
[36mexport[39m [36mconst[39m 
config [33m=[39m {
 [90m    |[39m              [31m[
1m^[22m[39m[31m[1m^[22m[39m[31
m[1m^[22m[39m[31m[1m^[22m[39m
[31m[1m^[22m[39m[31m[1m^[22m[3
9m
 [90m 45 |[39m     api[33m:[39m {
 [90m 46 |[39m         
bodyParser[33m:[39m {
 [90m 47 |[39m             
sizeLimit[33m:[39m 
[32m'10mb'[39m[33m,[39m[0m

The exported configuration object in 
a source file needs to have a very 
specific format from which some 
properties can be statically parsed 
at compiled-time.

https://nextjs.org/docs/app/api-refer
ence/file-conventions/route-segment-c
onfig


Γ£ô Compiled successfully in 2.5s
  Running TypeScript ...
Failed to compile.

./src/app/components/ScrollReveal.tsx
:63:13
Type error: Type '{ hidden: { 
opacity: number; y: number; x: 
number; }; visible: { opacity: 
number; y: number; x: number; 
transition: { duration: number; 
delay: number; ease: string; }; }; } 
| { hidden: { opacity: number; 
scale: number; }; visible: { ...; }; 
}' is not assignable to type 
'Variants | undefined'.
  Type '{ hidden: { opacity: number; 
y: number; x: number; }; visible: { 
opacity: number; y: number; x: 
number; transition: { duration: 
number; delay: number; ease: string; 
}; }; }' is not assignable to type 
'Variants'.
    Property 'visible' is 
incompatible with index signature.
      Type '{ opacity: number; y: 
number; x: number; transition: { 
duration: number; delay: number; 
ease: string; }; }' is not 
assignable to type 'Variant'.
        Type '{ opacity: number; y: 
number; x: number; transition: { 
duration: number; delay: number; 
ease: string; }; }' is not 
assignable to type 
'TargetAndTransition'.
          Type '{ opacity: number; 
y: number; x: number; transition: { 
duration: number; delay: number; 
ease: string; }; }' is not 
assignable to type '{ transition?: 
Transition<any> | undefined; 
transitionEnd?: ResolvedValues$1 | 
undefined; }'.
            Types of property 
'transition' are incompatible.
              Type '{ duration: 
number; delay: number; ease: string; 
}' is not assignable to type 
'Transition<any> | undefined'.
                Type '{ duration: 
number; delay: number; ease: string; 
}' is not assignable to type 
'TransitionWithValueOverrides<any>'.
                  Type '{ duration: 
number; delay: number; ease: string; 
}' is not assignable to type 
'ValueAnimationTransition<any>'.
                    Types of 
property 'ease' are incompatible.
                      Type 'string' 
is not assignable to type 'Easing | 
Easing[] | undefined'.

[0m [90m 61 |[39m             whil
eInView[33m=[39m[32m"visible"[39m
 [90m 62 |[39m             
viewport[33m=[39m{{ 
once[33m:[39m 
[36mtrue[39m[33m,[39m 
margin[33m:[39m viewportMargin }}
[31m[1m>[22m[39m[90m 63 |[39m  
           
variants[33m=[39m{getVariants()}
 [90m    |[39m             
[31m[1m^[22m[39m
 [90m 64 |[39m             
className[33m=[39m{className}
 [90m 65 |[39m         [33m>[39m
 [90m 66 |[39m             
{children}[0m
Next.js build worker exited with 
code: 1 and signal: null
